
[1m[46m RUN [49m[22m [36mv4.0.15 [39m[90mC:/Users/bilal/Downloads/38833FF26BA1D.UnigramPreview_g9c9v27vpyspw!App/neon-vanguard_-sector-zero[39m

 [32mÔ£ô[39m utils/combatUtils.test.ts [2m([22m[2m5 tests[22m[2m)[22m[32m 3[2mms[22m[39m

[2m Test Files [22m [1m[32m1 passed[39m[22m[90m (1)[39m
[2m      Tests [22m [1m[32m5 passed[39m[22m[90m (5)[39m
[2m   Start at [22m 20:11:02
[2m   Duration [22m 376ms[2m (transform 66ms, setup 0ms, import 86ms, tests 3ms, environment 0ms)[22m

